Scenario:  Left And Right Means Stand Still
Step 00
Pad: <.>
State: Standing
Looking: Right
Image: StandingRight
Pos: (0.0, 0.0)
Vel: (0.0, 0.0)
Acc: (0.0, 0.0)

Step 00
Pad: <.>
State: Standing
Looking: Right
Image: StandingRight
Pos: (0.0, 0.0)
Vel: (0.0, 0.0)
Acc: (0.0, 0.0)

Step 00
Pad: <.>
State: Standing
Looking: Right
Image: StandingRight
Pos: (0.0, 0.0)
Vel: (0.0, 0.0)
Acc: (0.0, 0.0)

Step 00
Pad: <.>
State: Standing
Looking: Right
Image: StandingRight
Pos: (0.0, 0.0)
Vel: (0.0, 0.0)
Acc: (0.0, 0.0)

Step 00
Pad: <.>
State: Standing
Looking: Right
Image: StandingRight
Pos: (0.0, 0.0)
Vel: (0.0, 0.0)
Acc: (0.0, 0.0)

