Scenario:  Walking Right 5 Steps
Step 00
Pad: ..>
State: Walking
Looking: Right
Image: WalkRight1
Pos: (0.1, 0.0)
Vel: (0.1, 0.0)
Acc: (0.1, 0.0)
Kick: <nil>

Step 01
Pad: ..>
State: Walking
Looking: Right
Image: WalkRight1
Pos: (0.2, 0.0)
Vel: (0.1, 0.0)
Acc: (0.1, 0.0)
Kick: <nil>

Step 02
Pad: ..>
State: Walking
Looking: Right
Image: WalkRight1
Pos: (0.3, 0.0)
Vel: (0.2, 0.0)
Acc: (0.1, 0.0)
Kick: <nil>

Step 03
Pad: ..>
State: Walking
Looking: Right
Image: WalkRight1
Pos: (0.5, 0.0)
Vel: (0.2, 0.0)
Acc: (0.1, 0.0)
Kick: <nil>

Step 04
Pad: ..>
State: Walking
Looking: Right
Image: WalkRight1
Pos: (0.8, 0.0)
Vel: (0.2, 0.0)
Acc: (0.1, 0.0)
Kick: <nil>

Step 05
Pad: ..>
State: Walking
Looking: Right
Image: WalkRight1
Pos: (1.1, 0.0)
Vel: (0.3, 0.0)
Acc: (0.1, 0.0)
Kick: <nil>

Step 06
Pad: ..>
State: Walking
Looking: Right
Image: WalkRight1
Pos: (1.4, 0.0)
Vel: (0.3, 0.0)
Acc: (0.1, 0.0)
Kick: <nil>

Step 07
Pad: ..>
State: Walking
Looking: Right
Image: WalkRight1
Pos: (1.8, 0.0)
Vel: (0.4, 0.0)
Acc: (0.1, 0.0)
Kick: <nil>

Step 08
Pad: ..>
State: Walking
Looking: Right
Image: WalkRight1
Pos: (2.2, 0.0)
Vel: (0.4, 0.0)
Acc: (0.1, 0.0)
Kick: <nil>

Step 09
Pad: ..>
State: Walking
Looking: Right
Image: WalkRight1
Pos: (2.8, 0.0)
Vel: (0.5, 0.0)
Acc: (0.1, 0.0)
Kick: <nil>

