Scenario:  Short Kick
Step 00
Pad: .K.
State: Kicking
Looking: Right
Image: KickRight
Pos: (0.0, 0.0)
Vel: (0.0, 0.0)
Acc: (0.0, 0.0)
Kick: <nil>

Step 01
Pad: .K.
State: Kicking
Looking: Right
Image: KickRight
Pos: (0.0, 0.0)
Vel: (0.0, 0.0)
Acc: (0.0, 0.0)
Kick: &{{0 0} {0 0}}

Step 02
Pad: .K.
State: Kicking
Looking: Right
Image: KickRight
Pos: (0.0, 0.0)
Vel: (0.0, 0.0)
Acc: (0.0, 0.0)
Kick: <nil>

Step 03
Pad: .K.
State: Kicking
Looking: Right
Image: KickRight
Pos: (0.0, 0.0)
Vel: (0.0, 0.0)
Acc: (0.0, 0.0)
Kick: <nil>

Step 04
Pad: .K.
State: Kicking
Looking: Right
Image: KickRight
Pos: (0.0, 0.0)
Vel: (0.0, 0.0)
Acc: (0.0, 0.0)
Kick: <nil>

Step 05
Pad: .K.
State: Kicking
Looking: Right
Image: KickRight
Pos: (0.0, 0.0)
Vel: (0.0, 0.0)
Acc: (0.0, 0.0)
Kick: <nil>

Step 06
Pad: .K.
State: Kicking
Looking: Right
Image: KickRight
Pos: (0.0, 0.0)
Vel: (0.0, 0.0)
Acc: (0.0, 0.0)
Kick: <nil>

Step 07
Pad: .K.
State: Kicking
Looking: Right
Image: KickRight
Pos: (0.0, 0.0)
Vel: (0.0, 0.0)
Acc: (0.0, 0.0)
Kick: <nil>

Step 08
Pad: .K.
State: Kicking
Looking: Right
Image: KickRight
Pos: (0.0, 0.0)
Vel: (0.0, 0.0)
Acc: (0.0, 0.0)
Kick: <nil>

Step 09
Pad: .K.
State: Kicking
Looking: Right
Image: KickRight
Pos: (0.0, 0.0)
Vel: (0.0, 0.0)
Acc: (0.0, 0.0)
Kick: <nil>

Step 10
Pad: .K.
State: Kicking
Looking: Right
Image: KickRight
Pos: (0.0, 0.0)
Vel: (0.0, 0.0)
Acc: (0.0, 0.0)
Kick: <nil>

Step 11
Pad: .K.
State: Kicking
Looking: Right
Image: KickRight
Pos: (0.0, 0.0)
Vel: (0.0, 0.0)
Acc: (0.0, 0.0)
Kick: <nil>

Step 12
Pad: .K.
State: Kicking
Looking: Right
Image: KickRight
Pos: (0.0, 0.0)
Vel: (0.0, 0.0)
Acc: (0.0, 0.0)
Kick: <nil>

Step 13
Pad: .K.
State: Kicking
Looking: Right
Image: KickRight
Pos: (0.0, 0.0)
Vel: (0.0, 0.0)
Acc: (0.0, 0.0)
Kick: <nil>

Step 14
Pad: .K.
State: Kicking
Looking: Right
Image: KickRight
Pos: (0.0, 0.0)
Vel: (0.0, 0.0)
Acc: (0.0, 0.0)
Kick: <nil>

Step 15
Pad: .K.
State: Kicking
Looking: Right
Image: KickRight
Pos: (0.0, 0.0)
Vel: (0.0, 0.0)
Acc: (0.0, 0.0)
Kick: <nil>

Step 16
Pad: .K.
State: Kicking
Looking: Right
Image: KickRight
Pos: (0.0, 0.0)
Vel: (0.0, 0.0)
Acc: (0.0, 0.0)
Kick: <nil>

Step 17
Pad: .K.
State: Kicking
Looking: Right
Image: KickRight
Pos: (0.0, 0.0)
Vel: (0.0, 0.0)
Acc: (0.0, 0.0)
Kick: <nil>

Step 18
Pad: .K.
State: Kicking
Looking: Right
Image: KickRight
Pos: (0.0, 0.0)
Vel: (0.0, 0.0)
Acc: (0.0, 0.0)
Kick: <nil>

Step 19
Pad: .K.
State: Kicking
Looking: Right
Image: KickRight
Pos: (0.0, 0.0)
Vel: (0.0, 0.0)
Acc: (0.0, 0.0)
Kick: <nil>

Step 20
Pad: ...
State: Kicking
Looking: Right
Image: KickRight
Pos: (0.0, 0.0)
Vel: (0.0, 0.0)
Acc: (0.0, 0.0)
Kick: <nil>

Step 21
Pad: ...
State: Kicking
Looking: Right
Image: KickRight
Pos: (0.0, 0.0)
Vel: (0.0, 0.0)
Acc: (0.0, 0.0)
Kick: <nil>

Step 22
Pad: ...
State: Kicking
Looking: Right
Image: KickRight
Pos: (0.0, 0.0)
Vel: (0.0, 0.0)
Acc: (0.0, 0.0)
Kick: <nil>

Step 23
Pad: ...
State: Kicking
Looking: Right
Image: KickRight
Pos: (0.0, 0.0)
Vel: (0.0, 0.0)
Acc: (0.0, 0.0)
Kick: <nil>

Step 24
Pad: ...
State: Kicking
Looking: Right
Image: KickRight
Pos: (0.0, 0.0)
Vel: (0.0, 0.0)
Acc: (0.0, 0.0)
Kick: <nil>

Step 25
Pad: ...
State: Kicking
Looking: Right
Image: KickRight
Pos: (0.0, 0.0)
Vel: (0.0, 0.0)
Acc: (0.0, 0.0)
Kick: <nil>

Step 26
Pad: ...
State: Standing
Looking: Right
Image: StandingRight
Pos: (0.0, 0.0)
Vel: (0.0, 0.0)
Acc: (0.0, 0.0)
Kick: <nil>

Step 27
Pad: ...
State: Standing
Looking: Right
Image: StandingRight
Pos: (0.0, 0.0)
Vel: (0.0, 0.0)
Acc: (0.0, 0.0)
Kick: <nil>

Step 28
Pad: ...
State: Standing
Looking: Right
Image: StandingRight
Pos: (0.0, 0.0)
Vel: (0.0, 0.0)
Acc: (0.0, 0.0)
Kick: <nil>

Step 29
Pad: ...
State: Standing
Looking: Right
Image: StandingRight
Pos: (0.0, 0.0)
Vel: (0.0, 0.0)
Acc: (0.0, 0.0)
Kick: <nil>

