Scenario:  Quick Kick
Step 00
Pad: .K.
State: Kicking
Looking: Right
Image: KickRight
Pos: (0.0, 0.0)
Vel: (0.0, 0.0)
Acc: (0.0, 0.0)

Step 01
Pad: .K.
State: Kicking
Looking: Right
Image: KickRight
Pos: (0.0, 0.0)
Vel: (0.0, 0.0)
Acc: (0.0, 0.0)

Step 02
Pad: .K.
State: Kicking
Looking: Right
Image: KickRight
Pos: (0.0, 0.0)
Vel: (0.0, 0.0)
Acc: (0.0, 0.0)

Step 03
Pad: .K.
State: Kicking
Looking: Right
Image: KickRight
Pos: (0.0, 0.0)
Vel: (0.0, 0.0)
Acc: (0.0, 0.0)

Step 04
Pad: .K.
State: Kicking
Looking: Right
Image: KickRight
Pos: (0.0, 0.0)
Vel: (0.0, 0.0)
Acc: (0.0, 0.0)

Step 05
Pad: ...
State: Kicking
Looking: Right
Image: KickRight
Pos: (0.0, 0.0)
Vel: (0.0, 0.0)
Acc: (0.0, 0.0)

Step 06
Pad: ...
State: Kicking
Looking: Right
Image: KickRight
Pos: (0.0, 0.0)
Vel: (0.0, 0.0)
Acc: (0.0, 0.0)

Step 07
Pad: ...
State: Kicking
Looking: Right
Image: KickRight
Pos: (0.0, 0.0)
Vel: (0.0, 0.0)
Acc: (0.0, 0.0)

Step 08
Pad: ...
State: Kicking
Looking: Right
Image: KickRight
Pos: (0.0, 0.0)
Vel: (0.0, 0.0)
Acc: (0.0, 0.0)

Step 09
Pad: ...
State: Kicking
Looking: Right
Image: KickRight
Pos: (0.0, 0.0)
Vel: (0.0, 0.0)
Acc: (0.0, 0.0)

Step 10
Pad: ...
State: Standing
Looking: Right
Image: StandingRight
Pos: (0.0, 0.0)
Vel: (0.0, 0.0)
Acc: (0.0, 0.0)

Step 11
Pad: ...
State: Standing
Looking: Right
Image: StandingRight
Pos: (0.0, 0.0)
Vel: (0.0, 0.0)
Acc: (0.0, 0.0)

Step 12
Pad: ...
State: Standing
Looking: Right
Image: StandingRight
Pos: (0.0, 0.0)
Vel: (0.0, 0.0)
Acc: (0.0, 0.0)

Step 13
Pad: ...
State: Standing
Looking: Right
Image: StandingRight
Pos: (0.0, 0.0)
Vel: (0.0, 0.0)
Acc: (0.0, 0.0)

Step 14
Pad: ...
State: Standing
Looking: Right
Image: StandingRight
Pos: (0.0, 0.0)
Vel: (0.0, 0.0)
Acc: (0.0, 0.0)

