Scenario:  Walking Left 5 Steps Then Stop
Step 00
Pad: <..
State: Walking
Looking: Left
Image: WalkRight1
Pos: Vec(-1, 0)
Vel: Vec(-1, 0)
Acc: Vec(-1, 0)

Step 01
Pad: <..
State: Walking
Looking: Left
Image: WalkRight1
Pos: Vec(-3, 0)
Vel: Vec(-2, 0)
Acc: Vec(-1, 0)

Step 02
Pad: <..
State: Walking
Looking: Left
Image: WalkRight1
Pos: Vec(-5, 0)
Vel: Vec(-2, 0)
Acc: Vec(-1, 0)

Step 03
Pad: <..
State: Walking
Looking: Left
Image: WalkRight1
Pos: Vec(-7, 0)
Vel: Vec(-2, 0)
Acc: Vec(-1, 0)

Step 04
Pad: <..
State: Walking
Looking: Left
Image: WalkRight1
Pos: Vec(-9, 0)
Vel: Vec(-2, 0)
Acc: Vec(-1, 0)

Step 00
Pad: ...
State: Standing
Looking: Left
Image: StandingRight
Pos: Vec(-11, 0)
Vel: Vec(-2, 0)
Acc: Vec(0, 0)

Step 01
Pad: ...
State: Standing
Looking: Left
Image: StandingRight
Pos: Vec(-12.8, 0)
Vel: Vec(-1.8, 0)
Acc: Vec(0, 0)

Step 02
Pad: ...
State: Standing
Looking: Left
Image: StandingRight
Pos: Vec(-14.420000000000002, 0)
Vel: Vec(-1.62, 0)
Acc: Vec(0, 0)

Step 03
Pad: ...
State: Standing
Looking: Left
Image: StandingRight
Pos: Vec(-15.878000000000002, 0)
Vel: Vec(-1.4580000000000002, 0)
Acc: Vec(0, 0)

Step 04
Pad: ...
State: Standing
Looking: Left
Image: StandingRight
Pos: Vec(-17.1902, 0)
Vel: Vec(-1.3122000000000003, 0)
Acc: Vec(0, 0)

