Scenario:  Walking Left Then Back Again
Step 00
Pad: <..
State: Walking
Looking: Left
Image: WalkRight1
Pos: Vec(-1, 0)
Vel: Vec(-1, 0)
Acc: Vec(-1, 0)

Step 01
Pad: <..
State: Walking
Looking: Left
Image: WalkRight1
Pos: Vec(-3, 0)
Vel: Vec(-2, 0)
Acc: Vec(-1, 0)

Step 02
Pad: <..
State: Walking
Looking: Left
Image: WalkRight1
Pos: Vec(-5, 0)
Vel: Vec(-2, 0)
Acc: Vec(-1, 0)

Step 03
Pad: <..
State: Walking
Looking: Left
Image: WalkRight1
Pos: Vec(-7, 0)
Vel: Vec(-2, 0)
Acc: Vec(-1, 0)

Step 04
Pad: <..
State: Walking
Looking: Left
Image: WalkRight1
Pos: Vec(-9, 0)
Vel: Vec(-2, 0)
Acc: Vec(-1, 0)

Step 00
Pad: ..>
State: Walking
Looking: Right
Image: WalkRight1
Pos: Vec(-10, 0)
Vel: Vec(-1, 0)
Acc: Vec(1, 0)

Step 01
Pad: ..>
State: Walking
Looking: Right
Image: WalkRight1
Pos: Vec(-10, 0)
Vel: Vec(0, 0)
Acc: Vec(1, 0)

Step 02
Pad: ..>
State: Walking
Looking: Right
Image: WalkRight1
Pos: Vec(-9, 0)
Vel: Vec(1, 0)
Acc: Vec(1, 0)

Step 03
Pad: ..>
State: Walking
Looking: Right
Image: WalkRight1
Pos: Vec(-7, 0)
Vel: Vec(2, 0)
Acc: Vec(1, 0)

Step 04
Pad: ..>
State: Walking
Looking: Right
Image: WalkRight1
Pos: Vec(-5, 0)
Vel: Vec(2, 0)
Acc: Vec(1, 0)

