Scenario:  Walking Left 5 Steps
Step 00
Pad: <..
State: Walking
Looking: Left
Image: WalkRight1
Pos: (-0.0, 0.0)
Vel: (-0.0, 0.0)
Acc: (-0.0, 0.0)

Step 00
Pad: <..
State: Walking
Looking: Left
Image: WalkRight1
Pos: (-0.1, 0.0)
Vel: (-0.1, 0.0)
Acc: (-0.0, 0.0)

Step 00
Pad: <..
State: Walking
Looking: Left
Image: WalkRight1
Pos: (-0.2, 0.0)
Vel: (-0.1, 0.0)
Acc: (-0.0, 0.0)

Step 00
Pad: <..
State: Walking
Looking: Left
Image: WalkRight1
Pos: (-0.3, 0.0)
Vel: (-0.1, 0.0)
Acc: (-0.0, 0.0)

Step 00
Pad: <..
State: Walking
Looking: Left
Image: WalkRight1
Pos: (-0.4, 0.0)
Vel: (-0.1, 0.0)
Acc: (-0.0, 0.0)

Step 00
Pad: <..
State: Walking
Looking: Left
Image: WalkRight1
Pos: (-0.6, 0.0)
Vel: (-0.2, 0.0)
Acc: (-0.0, 0.0)

Step 00
Pad: <..
State: Walking
Looking: Left
Image: WalkRight1
Pos: (-0.8, 0.0)
Vel: (-0.2, 0.0)
Acc: (-0.0, 0.0)

Step 00
Pad: <..
State: Walking
Looking: Left
Image: WalkRight1
Pos: (-1.1, 0.0)
Vel: (-0.2, 0.0)
Acc: (-0.0, 0.0)

Step 00
Pad: <..
State: Walking
Looking: Left
Image: WalkRight1
Pos: (-1.3, 0.0)
Vel: (-0.3, 0.0)
Acc: (-0.0, 0.0)

Step 00
Pad: <..
State: Walking
Looking: Left
Image: WalkRight1
Pos: (-1.6, 0.0)
Vel: (-0.3, 0.0)
Acc: (-0.0, 0.0)

