State: Walking
Looking: Left
Position: Vec(-50, 0)
