State: Standing
Looking: Right
Position: Vec(0, 0)
