Scenario:  Long Kick
Step 00
Pad: .K.
State: Kicking
Looking: Right
Image: KickRight
Pos: (0.0, 0.0)
Vel: (0.0, 0.0)
Acc: (0.0, 0.0)
Kick: <nil>

Step 01
Pad: .K.
State: Kicking
Looking: Right
Image: KickRight
Pos: (0.0, 0.0)
Vel: (0.0, 0.0)
Acc: (0.0, 0.0)
Kick: &{{0 0} {0 0}}

Step 02
Pad: .K.
State: Kicking
Looking: Right
Image: KickRight
Pos: (0.0, 0.0)
Vel: (0.0, 0.0)
Acc: (0.0, 0.0)
Kick: <nil>

Step 03
Pad: .K.
State: Kicking
Looking: Right
Image: KickRight
Pos: (0.0, 0.0)
Vel: (0.0, 0.0)
Acc: (0.0, 0.0)
Kick: <nil>

Step 04
Pad: .K.
State: Kicking
Looking: Right
Image: KickRight
Pos: (0.0, 0.0)
Vel: (0.0, 0.0)
Acc: (0.0, 0.0)
Kick: <nil>

Step 05
Pad: .K.
State: Kicking
Looking: Right
Image: KickRight
Pos: (0.0, 0.0)
Vel: (0.0, 0.0)
Acc: (0.0, 0.0)
Kick: <nil>

Step 06
Pad: .K.
State: Kicking
Looking: Right
Image: KickRight
Pos: (0.0, 0.0)
Vel: (0.0, 0.0)
Acc: (0.0, 0.0)
Kick: <nil>

Step 07
Pad: .K.
State: Kicking
Looking: Right
Image: KickRight
Pos: (0.0, 0.0)
Vel: (0.0, 0.0)
Acc: (0.0, 0.0)
Kick: <nil>

Step 08
Pad: .K.
State: Kicking
Looking: Right
Image: KickRight
Pos: (0.0, 0.0)
Vel: (0.0, 0.0)
Acc: (0.0, 0.0)
Kick: <nil>

Step 09
Pad: .K.
State: Kicking
Looking: Right
Image: KickRight
Pos: (0.0, 0.0)
Vel: (0.0, 0.0)
Acc: (0.0, 0.0)
Kick: <nil>

Step 10
Pad: .K.
State: Kicking
Looking: Right
Image: KickRight
Pos: (0.0, 0.0)
Vel: (0.0, 0.0)
Acc: (0.0, 0.0)
Kick: <nil>

Step 11
Pad: .K.
State: Kicking
Looking: Right
Image: KickRight
Pos: (0.0, 0.0)
Vel: (0.0, 0.0)
Acc: (0.0, 0.0)
Kick: <nil>

Step 12
Pad: .K.
State: Kicking
Looking: Right
Image: KickRight
Pos: (0.0, 0.0)
Vel: (0.0, 0.0)
Acc: (0.0, 0.0)
Kick: <nil>

Step 13
Pad: .K.
State: Kicking
Looking: Right
Image: KickRight
Pos: (0.0, 0.0)
Vel: (0.0, 0.0)
Acc: (0.0, 0.0)
Kick: <nil>

Step 14
Pad: .K.
State: Kicking
Looking: Right
Image: KickRight
Pos: (0.0, 0.0)
Vel: (0.0, 0.0)
Acc: (0.0, 0.0)
Kick: <nil>

