Entity 1 is at Rect(0, 0, 10, 10)
ACTION happened at Rect(55, 55, 76, 76)
No hits detected
