Elise standing
HitBox [0,20->20,120]
Pos: <10.0,20.0>
Vel: <0.0,0.0>
Facing right
