*** Scenario ***
* Events:
Damage [-10,-10->10,10]

Ground height: 0
Tick count: 1

* Elise start state:
Elise Standing
Vel: <0.0,0.0>
Facing right
Gfx:
Moved 0 pixels right 50 pixels up:
  Image "IEliseWalk2"

* Elise end state:
Elise Standing
Vel: <0.0,-0.1>
Facing right
Gfx:
Moved 5 pixels right 50 pixels up:
  Image "IEliseWalk2"


*** Simulation ***

 * Tick 1 *
Entity 0 is at [-10,0->10,100]
Event: Wall [-1000,-1000->1000,0]
Event: Damage [-10,-10->10,10]
Consequences:
- Entity 0 needs to handle Damage

