*** Scenario ***
* Events:
KeyRightDown [-100000,-100000->100000,100000]
Wall [11,0->21,10]

Ground height: 0
Tick count: 4

* Elise start state:
Elise Standing
Vel: <0.0,0.0>
Facing right
Gfx:
Moved 0 pixels right 50 pixels up:
  Image "IEliseWalk2"

* Elise end state:
Elise Walking
Vel: <0.4,-0.1>
Facing right
Gfx:
Moved 1 pixels right 50 pixels up:
  Image "IEliseWalk6"


*** Simulation ***

 * Tick 1 *
Entity 0 is at [-10,0->10,100]
Event: Wall [-1000,-1000->1000,0]
Event: KeyRightDown [-100000,-100000->100000,100000]
Event: Wall [11,0->21,10]
Consequences:
- Entity 0 needs to handle KeyRightDown

 * Tick 2 *
Entity 0 is at [-10,-0->10,100]
Event: Wall [-1000,-1000->1000,0]
Event: KeyRightDown [-100000,-100000->100000,100000]
Event: Wall [11,0->21,10]
Consequences:
- Entity 0 needs to handle Wall
- Entity 0 needs to handle KeyRightDown

 * Tick 3 *
Entity 0 is at [-10,-0->10,100]
Event: Wall [-1000,-1000->1000,0]
Event: KeyRightDown [-100000,-100000->100000,100000]
Event: Wall [11,0->21,10]
Consequences:
- Entity 0 needs to handle Wall
- Entity 0 needs to handle KeyRightDown

 * Tick 4 *
Entity 0 is at [-9,-0->11,100]
Event: Wall [-1000,-1000->1000,0]
Event: KeyRightDown [-100000,-100000->100000,100000]
Event: Wall [11,0->21,10]
Consequences:
- Entity 0 needs to handle Wall
- Entity 0 needs to handle KeyRightDown

