*** Scenario ***
* Events:
KeyJumpDown [-100000,-100000->100000,100000]

Ground height: 0
Tick count: 20

* Elise start state:
Elise standing
HitBox [-10,0->10,100]
Pos: <0.0,0.0>
Vel: <0.0,0.0>
Facing right

* Elise end state:
Elise jumping
HitBox [-10,2009->10,2109]
Pos: <0.0,2009.0>
Vel: <0.0,98.0>
Facing right


*** Simulation ***

 * Tick 1 *
Entity 0 is at [-10,0->10,100]
Event: Wall [-1000,-1000->1000,0]
Event: KeyJumpDown [-100000,-100000->100000,100000]
Consequences:
- Entity 0 needs to handle KeyJumpDown

 * Tick 2 *
Entity 0 is at [-10,130->10,230]
Event: Wall [-1000,-1000->1000,0]
Event: KeyJumpDown [-100000,-100000->100000,100000]
Consequences:
- Entity 0 needs to handle KeyJumpDown

 * Tick 3 *
Entity 0 is at [-10,230->10,330]
Event: Wall [-1000,-1000->1000,0]
Event: KeyJumpDown [-100000,-100000->100000,100000]
Consequences:
- Entity 0 needs to handle KeyJumpDown

 * Tick 4 *
Entity 0 is at [-10,329->10,429]
Event: Wall [-1000,-1000->1000,0]
Event: KeyJumpDown [-100000,-100000->100000,100000]
Consequences:
- Entity 0 needs to handle KeyJumpDown

 * Tick 5 *
Entity 0 is at [-10,429->10,529]
Event: Wall [-1000,-1000->1000,0]
Event: KeyJumpDown [-100000,-100000->100000,100000]
Consequences:
- Entity 0 needs to handle KeyJumpDown

 * Tick 6 *
Entity 0 is at [-10,529->10,629]
Event: Wall [-1000,-1000->1000,0]
Event: KeyJumpDown [-100000,-100000->100000,100000]
Consequences:
- Entity 0 needs to handle KeyJumpDown

 * Tick 7 *
Entity 0 is at [-10,628->10,728]
Event: Wall [-1000,-1000->1000,0]
Event: KeyJumpDown [-100000,-100000->100000,100000]
Consequences:
- Entity 0 needs to handle KeyJumpDown

 * Tick 8 *
Entity 0 is at [-10,727->10,827]
Event: Wall [-1000,-1000->1000,0]
Event: KeyJumpDown [-100000,-100000->100000,100000]
Consequences:
- Entity 0 needs to handle KeyJumpDown

 * Tick 9 *
Entity 0 is at [-10,826->10,926]
Event: Wall [-1000,-1000->1000,0]
Event: KeyJumpDown [-100000,-100000->100000,100000]
Consequences:
- Entity 0 needs to handle KeyJumpDown

 * Tick 10 *
Entity 0 is at [-10,926->10,1026]
Event: Wall [-1000,-1000->1000,0]
Event: KeyJumpDown [-100000,-100000->100000,100000]
Consequences:
- Entity 0 needs to handle KeyJumpDown

 * Tick 11 *
Entity 0 is at [-10,1025->10,1125]
Event: Wall [-1000,-1000->1000,0]
Event: KeyJumpDown [-100000,-100000->100000,100000]
Consequences:
- Entity 0 needs to handle KeyJumpDown

 * Tick 12 *
Entity 0 is at [-10,1123->10,1223]
Event: Wall [-1000,-1000->1000,0]
Event: KeyJumpDown [-100000,-100000->100000,100000]
Consequences:
- Entity 0 needs to handle KeyJumpDown

 * Tick 13 *
Entity 0 is at [-10,1222->10,1322]
Event: Wall [-1000,-1000->1000,0]
Event: KeyJumpDown [-100000,-100000->100000,100000]
Consequences:
- Entity 0 needs to handle KeyJumpDown

 * Tick 14 *
Entity 0 is at [-10,1321->10,1421]
Event: Wall [-1000,-1000->1000,0]
Event: KeyJumpDown [-100000,-100000->100000,100000]
Consequences:
- Entity 0 needs to handle KeyJumpDown

 * Tick 15 *
Entity 0 is at [-10,1420->10,1520]
Event: Wall [-1000,-1000->1000,0]
Event: KeyJumpDown [-100000,-100000->100000,100000]
Consequences:
- Entity 0 needs to handle KeyJumpDown

 * Tick 16 *
Entity 0 is at [-10,1518->10,1618]
Event: Wall [-1000,-1000->1000,0]
Event: KeyJumpDown [-100000,-100000->100000,100000]
Consequences:
- Entity 0 needs to handle KeyJumpDown

 * Tick 17 *
Entity 0 is at [-10,1616->10,1716]
Event: Wall [-1000,-1000->1000,0]
Event: KeyJumpDown [-100000,-100000->100000,100000]
Consequences:
- Entity 0 needs to handle KeyJumpDown

 * Tick 18 *
Entity 0 is at [-10,1715->10,1815]
Event: Wall [-1000,-1000->1000,0]
Event: KeyJumpDown [-100000,-100000->100000,100000]
Consequences:
- Entity 0 needs to handle KeyJumpDown

 * Tick 19 *
Entity 0 is at [-10,1813->10,1913]
Event: Wall [-1000,-1000->1000,0]
Event: KeyJumpDown [-100000,-100000->100000,100000]
Consequences:
- Entity 0 needs to handle KeyJumpDown

 * Tick 20 *
Entity 0 is at [-10,1911->10,2011]
Event: Wall [-1000,-1000->1000,0]
Event: KeyJumpDown [-100000,-100000->100000,100000]
Consequences:
- Entity 0 needs to handle KeyJumpDown

