*** Scenario ***
* Events:
KeyJumpDown [-100000,-100000->100000,100000]

Ground height: 0
Tick count: 1

* Elise start state:
Elise standing
HitBox [-10,0->10,100]
Pos: <0.0,0.0>
Vel: <0.0,0.0>
Facing right

* Elise end state:
Elise jumping
HitBox [-10,3->10,103]
Pos: <0.0,2.9>
Vel: <0.0,1.9>
Facing right


*** Simulation ***

 * Tick 1 *
Entity 0 is at [-10,0->10,100]
Event: Wall [-1000,-1000->1000,0]
Event: KeyJumpDown [-100000,-100000->100000,100000]
Consequences:
- Entity 0 needs to handle KeyJumpDown

