Entity 1 is at [0,0->10,10]
Entity 2 is at [20,20->30,30]
Event: Action [25,25->26,26]
Consequences:
- Entity 2 needs to handle Action
