Entity 1 is at [0,0->10,10]
Event: ButtonPressed [55,55->76,76]
No hits detected
