Entity 1 is at [0,0->10,10]
Entity 1 is at [20,20->30,30]
Event: Action [15,15->16,16]
No hits detected
