State: Kicking
Looking: Right
Position: Vec(0, 0)
