State: Walking
Looking: Right
Position: Vec(50, 0)
